// Jest Snapshot v1, https://goo.gl/fbAQLP

exports[`Header component matches snapshot 1`] = `
ShallowWrapper {
  "length": 1,
  Symbol(enzyme.__root__): [Circular],
  Symbol(enzyme.__unrendered__): <FullArticle
    article={
        Object {
            "author": "me",
            "pageUrl": "coolarticle.io",
            "text": "interesting text",
            "title": "trump",
          }
    }
/>,
  Symbol(enzyme.__renderer__): Object {
    "batchedUpdates": [Function],
    "getNode": [Function],
    "render": [Function],
    "simulateEvent": [Function],
    "unmount": [Function],
  },
  Symbol(enzyme.__node__): Object {
    "instance": null,
    "key": undefined,
    "nodeType": "host",
    "props": Object {
      "children": Array [
        <h2>
          trump
</h2>,
        <h5>
          me
</h5>,
        <p>
          interesting text
</p>,
        <a
          href="coolarticle.io"
          target="_blank"
>
           View Article
</a>,
      ],
    },
    "ref": null,
    "rendered": Array [
      Object {
        "instance": null,
        "key": undefined,
        "nodeType": "host",
        "props": Object {
          "children": "trump",
        },
        "ref": null,
        "rendered": "trump",
        "type": "h2",
      },
      Object {
        "instance": null,
        "key": undefined,
        "nodeType": "host",
        "props": Object {
          "children": "me",
        },
        "ref": null,
        "rendered": "me",
        "type": "h5",
      },
      Object {
        "instance": null,
        "key": undefined,
        "nodeType": "host",
        "props": Object {
          "children": "interesting text",
        },
        "ref": null,
        "rendered": "interesting text",
        "type": "p",
      },
      Object {
        "instance": null,
        "key": undefined,
        "nodeType": "host",
        "props": Object {
          "children": " View Article",
          "href": "coolarticle.io",
          "target": "_blank",
        },
        "ref": null,
        "rendered": " View Article",
        "type": "a",
      },
    ],
    "type": "div",
  },
  Symbol(enzyme.__nodes__): Array [
    Object {
      "instance": null,
      "key": undefined,
      "nodeType": "host",
      "props": Object {
        "children": Array [
          <h2>
            trump
</h2>,
          <h5>
            me
</h5>,
          <p>
            interesting text
</p>,
          <a
            href="coolarticle.io"
            target="_blank"
>
             View Article
</a>,
        ],
      },
      "ref": null,
      "rendered": Array [
        Object {
          "instance": null,
          "key": undefined,
          "nodeType": "host",
          "props": Object {
            "children": "trump",
          },
          "ref": null,
          "rendered": "trump",
          "type": "h2",
        },
        Object {
          "instance": null,
          "key": undefined,
          "nodeType": "host",
          "props": Object {
            "children": "me",
          },
          "ref": null,
          "rendered": "me",
          "type": "h5",
        },
        Object {
          "instance": null,
          "key": undefined,
          "nodeType": "host",
          "props": Object {
            "children": "interesting text",
          },
          "ref": null,
          "rendered": "interesting text",
          "type": "p",
        },
        Object {
          "instance": null,
          "key": undefined,
          "nodeType": "host",
          "props": Object {
            "children": " View Article",
            "href": "coolarticle.io",
            "target": "_blank",
          },
          "ref": null,
          "rendered": " View Article",
          "type": "a",
        },
      ],
      "type": "div",
    },
  ],
  Symbol(enzyme.__options__): Object {
    "adapter": ReactSixteenAdapter {
      "options": Object {
        "enableComponentDidUpdateOnSetState": true,
      },
    },
    "disableLifecycleMethods": true,
  },
}
`;
